14 wires:
  _00__TMR_0
  _00__TMR_1
  _00__TMR_2
  _01_
  _02__TMR_0
  _02__TMR_1
  _02__TMR_2
  _03_
  _04__TMR_0
  _04__TMR_1
  _04__TMR_2
  clk
  out
  reset

12 cells:
  _05__TMR_0
  _05__TMR_1
  _05__TMR_2
  _06__TMR_0
  _06__TMR_1
  _06__TMR_2
  _07__TMR_0
  _07__TMR_1
  _07__TMR_2
  _08_
  _09_
  _10_
